{
  "version": "1.5.0",
  "plugins_used": [
    {
      "name": "ArtifactoryDetector"
    },
    {
      "name": "AWSKeyDetector"
    },
    {
      "name": "AzureStorageKeyDetector"
    },
    {
      "name": "Base64HighEntropyString",
      "limit": 4.5
    },
    {
      "name": "BasicAuthDetector"
    },
    {
      "name": "CloudantDetector"
    },
    {
      "name": "DiscordBotTokenDetector"
    },
    {
      "name": "GitHubTokenDetector"
    },
    {
      "name": "GitLabTokenDetector"
    },
    {
      "name": "HexHighEntropyString",
      "limit": 3.0
    },
    {
      "name": "IbmCloudIamDetector"
    },
    {
      "name": "IbmCosHmacDetector"
    },
    {
      "name": "IPPublicDetector"
    },
    {
      "name": "JwtTokenDetector"
    },
    {
      "name": "KeywordDetector",
      "keyword_exclude": ""
    },
    {
      "name": "MailchimpDetector"
    },
    {
      "name": "NpmDetector"
    },
    {
      "name": "OpenAIDetector"
    },
    {
      "name": "PrivateKeyDetector"
    },
    {
      "name": "PypiTokenDetector"
    },
    {
      "name": "SendGridDetector"
    },
    {
      "name": "SlackDetector"
    },
    {
      "name": "SoftlayerDetector"
    },
    {
      "name": "SquareOAuthDetector"
    },
    {
      "name": "StripeDetector"
    },
    {
      "name": "TelegramBotTokenDetector"
    },
    {
      "name": "TwilioKeyDetector"
    }
  ],
  "filters_used": [
    {
      "path": "detect_secrets.filters.allowlist.is_line_allowlisted"
    },
    {
      "path": "detect_secrets.filters.common.is_ignored_due_to_verification_policies",
      "min_level": 2
    },
    {
      "path": "detect_secrets.filters.heuristic.is_indirect_reference"
    },
    {
      "path": "detect_secrets.filters.heuristic.is_likely_id_string"
    },
    {
      "path": "detect_secrets.filters.heuristic.is_lock_file"
    },
    {
      "path": "detect_secrets.filters.heuristic.is_not_alphanumeric_string"
    },
    {
      "path": "detect_secrets.filters.heuristic.is_potential_uuid"
    },
    {
      "path": "detect_secrets.filters.heuristic.is_prefixed_with_dollar_sign"
    },
    {
      "path": "detect_secrets.filters.heuristic.is_sequential_string"
    },
    {
      "path": "detect_secrets.filters.heuristic.is_swagger_file"
    },
    {
      "path": "detect_secrets.filters.heuristic.is_templated_secret"
    },
    {
      "path": "detect_secrets.filters.regex.should_exclude_file",
      "pattern": [
        ".git|node_modules|dist|build|\\.lock$|pnpm-lock\\.yaml|\\.sdlc"
      ]
    }
  ],
  "results": {
    "apps/backend/src/auth/auth.service.spec.ts": [
      {
        "type": "Secret Keyword",
        "filename": "apps/backend/src/auth/auth.service.spec.ts",
        "hashed_secret": "2346ad27d7568ba9896f1b7da6b5991251debdf2",
        "is_verified": false,
        "line_number": 42
      }
    ],
    "apps/backend/src/config/configuration.ts": [
      {
        "type": "Basic Auth Credentials",
        "filename": "apps/backend/src/config/configuration.ts",
        "hashed_secret": "5baa61e4c9b93f3f0682250b6cf8331b7ee68fd8",
        "is_verified": false,
        "line_number": 5
      }
    ],
    "apps/backend/test/announcements.e2e-spec.ts": [
      {
        "type": "Secret Keyword",
        "filename": "apps/backend/test/announcements.e2e-spec.ts",
        "hashed_secret": "32ca9fc1a0f5b6330e3f4c8c1bbecde9bedb9573",
        "is_verified": false,
        "line_number": 16
      }
    ],
    "apps/backend/test/attendance.e2e-spec.ts": [
      {
        "type": "Secret Keyword",
        "filename": "apps/backend/test/attendance.e2e-spec.ts",
        "hashed_secret": "32ca9fc1a0f5b6330e3f4c8c1bbecde9bedb9573",
        "is_verified": false,
        "line_number": 39
      }
    ],
    "apps/backend/test/events.e2e-spec.ts": [
      {
        "type": "Secret Keyword",
        "filename": "apps/backend/test/events.e2e-spec.ts",
        "hashed_secret": "32ca9fc1a0f5b6330e3f4c8c1bbecde9bedb9573",
        "is_verified": false,
        "line_number": 38
      }
    ],
    "apps/backend/test/game-results.e2e-spec.ts": [
      {
        "type": "Secret Keyword",
        "filename": "apps/backend/test/game-results.e2e-spec.ts",
        "hashed_secret": "32ca9fc1a0f5b6330e3f4c8c1bbecde9bedb9573",
        "is_verified": false,
        "line_number": 46
      }
    ],
    "apps/backend/test/invites.e2e-spec.ts": [
      {
        "type": "Secret Keyword",
        "filename": "apps/backend/test/invites.e2e-spec.ts",
        "hashed_secret": "32ca9fc1a0f5b6330e3f4c8c1bbecde9bedb9573",
        "is_verified": false,
        "line_number": 16
      }
    ],
    "apps/backend/test/memberships.e2e-spec.ts": [
      {
        "type": "Secret Keyword",
        "filename": "apps/backend/test/memberships.e2e-spec.ts",
        "hashed_secret": "32ca9fc1a0f5b6330e3f4c8c1bbecde9bedb9573",
        "is_verified": false,
        "line_number": 18
      }
    ],
    "apps/backend/test/notifications.e2e-spec.ts": [
      {
        "type": "Secret Keyword",
        "filename": "apps/backend/test/notifications.e2e-spec.ts",
        "hashed_secret": "32ca9fc1a0f5b6330e3f4c8c1bbecde9bedb9573",
        "is_verified": false,
        "line_number": 19
      }
    ],
    "apps/backend/test/recurring-events.e2e-spec.ts": [
      {
        "type": "Secret Keyword",
        "filename": "apps/backend/test/recurring-events.e2e-spec.ts",
        "hashed_secret": "32ca9fc1a0f5b6330e3f4c8c1bbecde9bedb9573",
        "is_verified": false,
        "line_number": 38
      }
    ],
    "apps/backend/test/roster.e2e-spec.ts": [
      {
        "type": "Secret Keyword",
        "filename": "apps/backend/test/roster.e2e-spec.ts",
        "hashed_secret": "32ca9fc1a0f5b6330e3f4c8c1bbecde9bedb9573",
        "is_verified": false,
        "line_number": 35
      }
    ],
    "apps/backend/test/rsvp.e2e-spec.ts": [
      {
        "type": "Secret Keyword",
        "filename": "apps/backend/test/rsvp.e2e-spec.ts",
        "hashed_secret": "32ca9fc1a0f5b6330e3f4c8c1bbecde9bedb9573",
        "is_verified": false,
        "line_number": 39
      }
    ],
    "apps/backend/test/seasons.e2e-spec.ts": [
      {
        "type": "Secret Keyword",
        "filename": "apps/backend/test/seasons.e2e-spec.ts",
        "hashed_secret": "32ca9fc1a0f5b6330e3f4c8c1bbecde9bedb9573",
        "is_verified": false,
        "line_number": 16
      }
    ],
    "apps/backend/test/teams.e2e-spec.ts": [
      {
        "type": "Secret Keyword",
        "filename": "apps/backend/test/teams.e2e-spec.ts",
        "hashed_secret": "32ca9fc1a0f5b6330e3f4c8c1bbecde9bedb9573",
        "is_verified": false,
        "line_number": 16
      }
    ],
    "docker-compose.yml": [
      {
        "type": "Secret Keyword",
        "filename": "docker-compose.yml",
        "hashed_secret": "5baa61e4c9b93f3f0682250b6cf8331b7ee68fd8",
        "is_verified": false,
        "line_number": 7
      },
      {
        "type": "Secret Keyword",
        "filename": "docker-compose.yml",
        "hashed_secret": "459209c917b12dd3edd82051e4e4ca2feea3367f",
        "is_verified": false,
        "line_number": 23
      },
      {
        "type": "Basic Auth Credentials",
        "filename": "docker-compose.yml",
        "hashed_secret": "5baa61e4c9b93f3f0682250b6cf8331b7ee68fd8",
        "is_verified": false,
        "line_number": 36
      },
      {
        "type": "Secret Keyword",
        "filename": "docker-compose.yml",
        "hashed_secret": "968c06f748d5e67634d99ad0b212e4e8c3b8ccd9",
        "is_verified": false,
        "line_number": 37
      }
    ],
    "k8s/secrets.example.yaml": [
      {
        "type": "Secret Keyword",
        "filename": "k8s/secrets.example.yaml",
        "hashed_secret": "60b0a6382f821df6a8975da4d08d995e9822c3c6",
        "is_verified": false,
        "line_number": 10
      },
      {
        "type": "Basic Auth Credentials",
        "filename": "k8s/secrets.example.yaml",
        "hashed_secret": "60b0a6382f821df6a8975da4d08d995e9822c3c6",
        "is_verified": false,
        "line_number": 19
      },
      {
        "type": "Secret Keyword",
        "filename": "k8s/secrets.example.yaml",
        "hashed_secret": "1490308b99092cead2e55c31cac0a5acd660ba97",
        "is_verified": false,
        "line_number": 20
      },
      {
        "type": "Secret Keyword",
        "filename": "k8s/secrets.example.yaml",
        "hashed_secret": "1509c939caaa06fa60ce0b785a3217d41ac8b71b",
        "is_verified": false,
        "line_number": 29
      }
    ]
  },
  "generated_at": "2026-05-28T02:34:43Z"
}
